"This is a test log file" 
